
> reader-chrome@0.1.0 build
> vite build && vite build --config vite.content.config.ts && node scripts/verify-dist.mjs

vite v8.2.2 building client environment for production...
transforming...
✓ 84 modules transformed.
rendering chunks...
computing gzip size...
../artifacts/beta-work/recovery/chrome-unpacked/src/ui/popup.html               0.55 kB │ gzip:  0.38 kB
../artifacts/beta-work/recovery/chrome-unpacked/src/ui/pairing.html             0.66 kB │ gzip:  0.45 kB
../artifacts/beta-work/recovery/chrome-unpacked/src/ui/options.html             4.09 kB │ gzip:  1.78 kB
../artifacts/beta-work/recovery/chrome-unpacked/popup.js                        0.69 kB │ gzip:  0.39 kB
../artifacts/beta-work/recovery/chrome-unpacked/rolldown-runtime-DC62tzP2.js    1.44 kB │ gzip:  0.67 kB
../artifacts/beta-work/recovery/chrome-unpacked/options.js                      4.88 kB │ gzip:  1.59 kB
../artifacts/beta-work/recovery/chrome-unpacked/pairing.js                     73.11 kB │ gzip: 18.76 kB
../artifacts/beta-work/recovery/chrome-unpacked/background.js                 320.61 kB │ gzip: 85.13 kB

✓ built in 89ms
vite v8.2.2 building client environment for production...
transforming...
✓ 13 modules transformed.
rendering chunks...
computing gzip size...
../artifacts/beta-work/recovery/chrome-unpacked/content.js  661.84 kB │ gzip: 154.84 kB

✓ built in 69ms
Verified Chrome extension package: standalone content script, manifest assets, Chromium-safe text.
