To honour the JVM settings for this build a single-use Daemon process will be forked. For more on this, please refer to https://docs.gradle.org/8.9/userguide/gradle_daemon.html#sec:disabling_the_daemon in the Gradle documentation.
Daemon will be stopped at the end of the build 
> Task :app:preBuild UP-TO-DATE
> Task :app:preDebugBuild UP-TO-DATE
> Task :app:mergeDebugNativeDebugMetadata NO-SOURCE
> Task :app:checkKotlinGradlePluginConfigurationErrors SKIPPED
> Task :app:generateDebugResValues
> Task :app:checkDebugAarMetadata
> Task :app:mapDebugSourceSetPaths
> Task :app:generateDebugResources
> Task :app:packageDebugResources
> Task :app:mergeDebugResources
> Task :app:createDebugCompatibleScreenManifests
> Task :app:extractDeepLinksDebug
> Task :app:parseDebugLocalResources
> Task :app:processDebugMainManifest
> Task :app:processDebugManifest
> Task :app:mergeDebugShaders
> Task :app:compileDebugShaders NO-SOURCE
> Task :app:generateDebugAssets UP-TO-DATE
> Task :app:javaPreCompileDebug
> Task :app:mergeDebugAssets
> Task :app:desugarDebugFileDependencies
> Task :app:compressDebugAssets
> Task :app:mergeDebugJniLibFolders
> Task :app:processDebugManifestForPackage
> Task :app:mergeDebugNativeLibs
> Task :app:checkDebugDuplicateClasses
> Task :app:mergeLibDexDebug
> Task :app:validateSigningDebug
> Task :app:writeDebugAppMetadata
> Task :app:writeDebugSigningConfigVersions
> Task :app:preDebugAndroidTestBuild SKIPPED
> Task :app:generateDebugAndroidTestResValues
> Task :app:mapDebugAndroidTestSourceSetPaths
> Task :app:generateDebugAndroidTestResources
> Task :app:processDebugAndroidTestManifest
> Task :app:mergeDebugAndroidTestShaders
> Task :app:javaPreCompileDebugAndroidTest
> Task :app:checkDebugAndroidTestAarMetadata
> Task :app:compileDebugAndroidTestShaders NO-SOURCE
> Task :app:generateDebugAndroidTestAssets UP-TO-DATE
> Task :app:mergeDebugAndroidTestResources
> Task :app:mergeDebugAndroidTestAssets
> Task :app:stripDebugDebugSymbols
> Task :app:compressDebugAndroidTestAssets
> Task :app:desugarDebugAndroidTestFileDependencies
> Task :app:mergeDebugAndroidTestJniLibFolders
> Task :app:checkDebugAndroidTestDuplicateClasses
> Task :app:mergeLibDexDebugAndroidTest
> Task :app:mergeDebugAndroidTestNativeLibs NO-SOURCE
> Task :app:stripDebugAndroidTestDebugSymbols NO-SOURCE
> Task :app:validateSigningDebugAndroidTest
> Task :app:writeDebugAndroidTestSigningConfigVersions
> Task :app:processDebugAndroidTestResources
> Task :app:processDebugResources
> Task :app:mergeExtDexDebugAndroidTest
> Task :app:kspDebugKotlin
> Task :app:mergeExtDexDebug

> Task :app:compileDebugKotlin
w: file:///private/tmp/reader-beta-repro-a4b3782/android/app/src/main/java/com/reader/app/tts/TtsMediaPlayer.kt:116:16 This declaration overrides a deprecated member but is not marked as deprecated itself. Please add the '@Deprecated' annotation or suppress the diagnostic.
w: file:///private/tmp/reader-beta-repro-a4b3782/android/app/src/main/java/com/reader/app/tts/TtsMediaPlayer.kt:118:16 This declaration overrides a deprecated member but is not marked as deprecated itself. Please add the '@Deprecated' annotation or suppress the diagnostic.
w: file:///private/tmp/reader-beta-repro-a4b3782/android/app/src/main/java/com/reader/app/tts/TtsMediaPlayer.kt:120:16 This declaration overrides a deprecated member but is not marked as deprecated itself. Please add the '@Deprecated' annotation or suppress the diagnostic.
w: file:///private/tmp/reader-beta-repro-a4b3782/android/app/src/main/java/com/reader/app/tts/TtsMediaPlayer.kt:122:16 This declaration overrides a deprecated member but is not marked as deprecated itself. Please add the '@Deprecated' annotation or suppress the diagnostic.
w: file:///private/tmp/reader-beta-repro-a4b3782/android/app/src/main/java/com/reader/app/ui/screens/ArticleRenderer.kt:89:7 'fun Divider(modifier: Modifier = ..., thickness: Dp = ..., color: Color = ...): Unit' is deprecated. Renamed to HorizontalDivider.
w: file:///private/tmp/reader-beta-repro-a4b3782/android/app/src/main/java/com/reader/app/ui/screens/ArticleRenderer.kt:105:9 'fun Divider(modifier: Modifier = ..., thickness: Dp = ..., color: Color = ...): Unit' is deprecated. Renamed to HorizontalDivider.
w: file:///private/tmp/reader-beta-repro-a4b3782/android/app/src/main/java/com/reader/app/ui/screens/ArticleRenderer.kt:108:11 'fun Divider(modifier: Modifier = ..., thickness: Dp = ..., color: Color = ...): Unit' is deprecated. Renamed to HorizontalDivider.
w: file:///private/tmp/reader-beta-repro-a4b3782/android/app/src/main/java/com/reader/app/ui/screens/ArticleRenderer.kt:126:32 'fun Divider(modifier: Modifier = ..., thickness: Dp = ..., color: Color = ...): Unit' is deprecated. Renamed to HorizontalDivider.
w: file:///private/tmp/reader-beta-repro-a4b3782/android/app/src/main/java/com/reader/app/ui/screens/InboxScreen.kt:132:13 'fun Divider(modifier: Modifier = ..., thickness: Dp = ..., color: Color = ...): Unit' is deprecated. Renamed to HorizontalDivider.
w: file:///private/tmp/reader-beta-repro-a4b3782/android/app/src/main/java/com/reader/app/ui/screens/InboxScreen.kt:224:19 'fun Divider(modifier: Modifier = ..., thickness: Dp = ..., color: Color = ...): Unit' is deprecated. Renamed to HorizontalDivider.
w: file:///private/tmp/reader-beta-repro-a4b3782/android/app/src/main/java/com/reader/app/ui/screens/InboxScreen.kt:355:7 'fun LinearProgressIndicator(progress: Float, modifier: Modifier = ..., color: Color = ..., trackColor: Color = ..., strokeCap: StrokeCap = ...): Unit' is deprecated. Use the overload that takes `progress` as a lambda.
w: file:///private/tmp/reader-beta-repro-a4b3782/android/app/src/main/java/com/reader/app/ui/screens/ReaderScreen.kt:103:32 'val Icons.Filled.ArrowBack: ImageVector' is deprecated. Use the AutoMirrored version at Icons.AutoMirrored.Filled.ArrowBack.
w: file:///private/tmp/reader-beta-repro-a4b3782/android/app/src/main/java/com/reader/app/ui/screens/ReaderScreen.kt:160:15 'fun Divider(modifier: Modifier = ..., thickness: Dp = ..., color: Color = ...): Unit' is deprecated. Renamed to HorizontalDivider.
w: file:///private/tmp/reader-beta-repro-a4b3782/android/app/src/main/java/com/reader/app/ui/screens/RsvpScreen.kt:96:18 Condition is always 'true'.
w: file:///private/tmp/reader-beta-repro-a4b3782/android/app/src/main/java/com/reader/app/ui/screens/SettingsScreen.kt:45:30 'val Icons.Filled.ArrowBack: ImageVector' is deprecated. Use the AutoMirrored version at Icons.AutoMirrored.Filled.ArrowBack.
w: file:///private/tmp/reader-beta-repro-a4b3782/android/app/src/main/java/com/reader/app/ui/screens/SettingsScreen.kt:81:11 'fun Divider(modifier: Modifier = ..., thickness: Dp = ..., color: Color = ...): Unit' is deprecated. Renamed to HorizontalDivider.

> Task :app:compileDebugJavaWithJavac
> Task :app:dexBuilderDebug
> Task :app:mergeDebugGlobalSynthetics
> Task :app:processDebugJavaRes
> Task :app:bundleDebugClassesToCompileJar
> Task :app:mergeProjectDexDebug
> Task :app:kspDebugAndroidTestKotlin
> Task :app:mergeDebugJavaResource
> Task :app:packageDebug
> Task :app:createDebugApkListingFileRedirect
> Task :app:assembleDebug

> Task :app:compileDebugAndroidTestKotlin
w: file:///private/tmp/reader-beta-repro-a4b3782/android/app/src/androidTest/java/com/reader/app/InstalledBetaInstrumentedTest.kt:18:26 'field versionCode: Int' is deprecated. Deprecated in Java.

> Task :app:compileDebugAndroidTestJavaWithJavac
> Task :app:dexBuilderDebugAndroidTest
> Task :app:mergeDebugAndroidTestGlobalSynthetics
> Task :app:processDebugAndroidTestJavaRes
> Task :app:mergeProjectDexDebugAndroidTest
> Task :app:mergeDebugAndroidTestJavaResource
> Task :app:packageDebugAndroidTest
> Task :app:createDebugAndroidTestApkListingFileRedirect
> Task :app:assembleDebugAndroidTest

BUILD SUCCESSFUL in 38s
66 actionable tasks: 66 executed
