
> reader-chrome@0.1.0 build
> vite build && vite build --config vite.content.config.ts && node scripts/verify-dist.mjs

vite v8.2.2 building client environment for production...
transforming...
✓ 87 modules transformed.
rendering chunks...
computing gzip size...
../artifacts/beta-work/implementation-chrome/src/ui/popup.html               0.63 kB │ gzip:  0.42 kB
../artifacts/beta-work/implementation-chrome/src/ui/pairing.html             1.04 kB │ gzip:  0.65 kB
../artifacts/beta-work/implementation-chrome/src/ui/options.html             4.44 kB │ gzip:  1.91 kB
../artifacts/beta-work/implementation-chrome/assets/theme-B1hBejmL.css       1.54 kB │ gzip:  0.48 kB
../artifacts/beta-work/implementation-chrome/popup.js                        0.72 kB │ gzip:  0.42 kB
../artifacts/beta-work/implementation-chrome/theme-C8qsnVx4.js               0.72 kB │ gzip:  0.36 kB
../artifacts/beta-work/implementation-chrome/rolldown-runtime-DC62tzP2.js    1.44 kB │ gzip:  0.67 kB
../artifacts/beta-work/implementation-chrome/options.js                      6.14 kB │ gzip:  2.03 kB
../artifacts/beta-work/implementation-chrome/pairing.js                     73.68 kB │ gzip: 18.83 kB
../artifacts/beta-work/implementation-chrome/background.js                 321.98 kB │ gzip: 85.61 kB

✓ built in 73ms
vite v8.2.2 building client environment for production...
transforming...
✓ 13 modules transformed.
rendering chunks...
computing gzip size...
../artifacts/beta-work/implementation-chrome/content.js  662.31 kB │ gzip: 154.79 kB

✓ built in 70ms
Verified Chrome extension package: standalone content script, manifest assets, Chromium-safe text.
