INSTRUMENTATION_STATUS: class=com.reader.app.ReaderFlowInstrumentedTest
INSTRUMENTATION_STATUS: current=1
INSTRUMENTATION_STATUS: id=AndroidJUnitRunner
INSTRUMENTATION_STATUS: numtests=1
INSTRUMENTATION_STATUS: stream=
com.reader.app.ReaderFlowInstrumentedTest:
INSTRUMENTATION_STATUS: test=nativeSelectionPersistsOneQuoteAndUndoRemovesIt
INSTRUMENTATION_STATUS_CODE: 1
INSTRUMENTATION_STATUS: class=com.reader.app.ReaderFlowInstrumentedTest
INSTRUMENTATION_STATUS: current=1
INSTRUMENTATION_STATUS: id=AndroidJUnitRunner
INSTRUMENTATION_STATUS: numtests=1
INSTRUMENTATION_STATUS: stack=java.lang.IllegalStateException: Reader flow timed out: automatic highlight save
	at com.reader.app.ReaderFlowInstrumentedTest.waitFor(ReaderFlowInstrumentedTest.kt:40)
	at com.reader.app.ReaderFlowInstrumentedTest.access$waitFor(ReaderFlowInstrumentedTest.kt:30)
	at com.reader.app.ReaderFlowInstrumentedTest$nativeSelectionPersistsOneQuoteAndUndoRemovesIt$1.invokeSuspend(ReaderFlowInstrumentedTest.kt:112)
	at kotlin.coroutines.jvm.internal.BaseContinuationImpl.resumeWith(ContinuationImpl.kt:33)
	at kotlinx.coroutines.DispatchedTask.run(DispatchedTask.kt:104)
	at kotlinx.coroutines.EventLoopImplBase.processNextEvent(EventLoop.common.kt:277)
	at kotlinx.coroutines.BlockingCoroutine.joinBlocking(Builders.kt:95)
	at kotlinx.coroutines.BuildersKt__BuildersKt.runBlocking(Builders.kt:69)
	at kotlinx.coroutines.BuildersKt.runBlocking(dex-id-dd3420858d902b94dcc3d602ff00330e5a2d896b:1)
	at kotlinx.coroutines.BuildersKt__BuildersKt.runBlocking$default(Builders.kt:48)
	at kotlinx.coroutines.BuildersKt.runBlocking$default(dex-id-dd3420858d902b94dcc3d602ff00330e5a2d896b:1)
	at com.reader.app.ReaderFlowInstrumentedTest.nativeSelectionPersistsOneQuoteAndUndoRemovesIt(ReaderFlowInstrumentedTest.kt:71)

INSTRUMENTATION_STATUS: stream=
Error in nativeSelectionPersistsOneQuoteAndUndoRemovesIt(com.reader.app.ReaderFlowInstrumentedTest):
java.lang.IllegalStateException: Reader flow timed out: automatic highlight save
	at com.reader.app.ReaderFlowInstrumentedTest.waitFor(ReaderFlowInstrumentedTest.kt:40)
	at com.reader.app.ReaderFlowInstrumentedTest.access$waitFor(ReaderFlowInstrumentedTest.kt:30)
	at com.reader.app.ReaderFlowInstrumentedTest$nativeSelectionPersistsOneQuoteAndUndoRemovesIt$1.invokeSuspend(ReaderFlowInstrumentedTest.kt:112)
	at kotlin.coroutines.jvm.internal.BaseContinuationImpl.resumeWith(ContinuationImpl.kt:33)
	at kotlinx.coroutines.DispatchedTask.run(DispatchedTask.kt:104)
	at kotlinx.coroutines.EventLoopImplBase.processNextEvent(EventLoop.common.kt:277)
	at kotlinx.coroutines.BlockingCoroutine.joinBlocking(Builders.kt:95)
	at kotlinx.coroutines.BuildersKt__BuildersKt.runBlocking(Builders.kt:69)
	at kotlinx.coroutines.BuildersKt.runBlocking(dex-id-dd3420858d902b94dcc3d602ff00330e5a2d896b:1)
	at kotlinx.coroutines.BuildersKt__BuildersKt.runBlocking$default(Builders.kt:48)
	at kotlinx.coroutines.BuildersKt.runBlocking$default(dex-id-dd3420858d902b94dcc3d602ff00330e5a2d896b:1)
	at com.reader.app.ReaderFlowInstrumentedTest.nativeSelectionPersistsOneQuoteAndUndoRemovesIt(ReaderFlowInstrumentedTest.kt:71)

INSTRUMENTATION_STATUS: test=nativeSelectionPersistsOneQuoteAndUndoRemovesIt
INSTRUMENTATION_STATUS_CODE: -2
INSTRUMENTATION_RESULT: stream=

Time: 63,224
There was 1 failure:
1) nativeSelectionPersistsOneQuoteAndUndoRemovesIt(com.reader.app.ReaderFlowInstrumentedTest)
java.lang.IllegalStateException: Reader flow timed out: automatic highlight save
	at com.reader.app.ReaderFlowInstrumentedTest.waitFor(ReaderFlowInstrumentedTest.kt:40)
	at com.reader.app.ReaderFlowInstrumentedTest.access$waitFor(ReaderFlowInstrumentedTest.kt:30)
	at com.reader.app.ReaderFlowInstrumentedTest$nativeSelectionPersistsOneQuoteAndUndoRemovesIt$1.invokeSuspend(ReaderFlowInstrumentedTest.kt:112)
	at kotlin.coroutines.jvm.internal.BaseContinuationImpl.resumeWith(ContinuationImpl.kt:33)
	at kotlinx.coroutines.DispatchedTask.run(DispatchedTask.kt:104)
	at kotlinx.coroutines.EventLoopImplBase.processNextEvent(EventLoop.common.kt:277)
	at kotlinx.coroutines.BlockingCoroutine.joinBlocking(Builders.kt:95)
	at kotlinx.coroutines.BuildersKt__BuildersKt.runBlocking(Builders.kt:69)
	at kotlinx.coroutines.BuildersKt.runBlocking(dex-id-dd3420858d902b94dcc3d602ff00330e5a2d896b:1)
	at kotlinx.coroutines.BuildersKt__BuildersKt.runBlocking$default(Builders.kt:48)
	at kotlinx.coroutines.BuildersKt.runBlocking$default(dex-id-dd3420858d902b94dcc3d602ff00330e5a2d896b:1)
	at com.reader.app.ReaderFlowInstrumentedTest.nativeSelectionPersistsOneQuoteAndUndoRemovesIt(ReaderFlowInstrumentedTest.kt:71)

FAILURES!!!
Tests run: 1,  Failures: 1


INSTRUMENTATION_CODE: -1
