
com.reader.app.ReaderFlowInstrumentedTest:
Error in nativeSelectionPersistsOneQuoteAndUndoRemovesIt(com.reader.app.ReaderFlowInstrumentedTest):
java.lang.IllegalStateException: Reader flow timed out: test receiver payload
	at com.reader.app.ReaderFlowInstrumentedTest.waitFor(ReaderFlowInstrumentedTest.kt:43)
	at com.reader.app.ReaderFlowInstrumentedTest.access$waitFor(ReaderFlowInstrumentedTest.kt:32)
	at com.reader.app.ReaderFlowInstrumentedTest$nativeSelectionPersistsOneQuoteAndUndoRemovesIt$1.invokeSuspend(ReaderFlowInstrumentedTest.kt:175)
	at kotlin.coroutines.jvm.internal.BaseContinuationImpl.resumeWith(ContinuationImpl.kt:33)
	at kotlinx.coroutines.DispatchedTask.run(DispatchedTask.kt:104)
	at kotlinx.coroutines.EventLoopImplBase.processNextEvent(EventLoop.common.kt:277)
	at kotlinx.coroutines.BlockingCoroutine.joinBlocking(Builders.kt:95)
	at kotlinx.coroutines.BuildersKt__BuildersKt.runBlocking(Builders.kt:69)
	at kotlinx.coroutines.BuildersKt.runBlocking(dex-id-dd3420858d902b94dcc3d602ff00330e5a2d896b:1)
	at kotlinx.coroutines.BuildersKt__BuildersKt.runBlocking$default(Builders.kt:48)
	at kotlinx.coroutines.BuildersKt.runBlocking$default(dex-id-dd3420858d902b94dcc3d602ff00330e5a2d896b:1)
	at com.reader.app.ReaderFlowInstrumentedTest.nativeSelectionPersistsOneQuoteAndUndoRemovesIt(ReaderFlowInstrumentedTest.kt:80)


Time: 71,179
There was 1 failure:
1) nativeSelectionPersistsOneQuoteAndUndoRemovesIt(com.reader.app.ReaderFlowInstrumentedTest)
java.lang.IllegalStateException: Reader flow timed out: test receiver payload
	at com.reader.app.ReaderFlowInstrumentedTest.waitFor(ReaderFlowInstrumentedTest.kt:43)
	at com.reader.app.ReaderFlowInstrumentedTest.access$waitFor(ReaderFlowInstrumentedTest.kt:32)
	at com.reader.app.ReaderFlowInstrumentedTest$nativeSelectionPersistsOneQuoteAndUndoRemovesIt$1.invokeSuspend(ReaderFlowInstrumentedTest.kt:175)
	at kotlin.coroutines.jvm.internal.BaseContinuationImpl.resumeWith(ContinuationImpl.kt:33)
	at kotlinx.coroutines.DispatchedTask.run(DispatchedTask.kt:104)
	at kotlinx.coroutines.EventLoopImplBase.processNextEvent(EventLoop.common.kt:277)
	at kotlinx.coroutines.BlockingCoroutine.joinBlocking(Builders.kt:95)
	at kotlinx.coroutines.BuildersKt__BuildersKt.runBlocking(Builders.kt:69)
	at kotlinx.coroutines.BuildersKt.runBlocking(dex-id-dd3420858d902b94dcc3d602ff00330e5a2d896b:1)
	at kotlinx.coroutines.BuildersKt__BuildersKt.runBlocking$default(Builders.kt:48)
	at kotlinx.coroutines.BuildersKt.runBlocking$default(dex-id-dd3420858d902b94dcc3d602ff00330e5a2d896b:1)
	at com.reader.app.ReaderFlowInstrumentedTest.nativeSelectionPersistsOneQuoteAndUndoRemovesIt(ReaderFlowInstrumentedTest.kt:80)

FAILURES!!!
Tests run: 1,  Failures: 1


