Starting a Gradle Daemon, 2 incompatible Daemons could not be reused, use --status for details
> Task :app:clean
> Task :app:checkKotlinGradlePluginConfigurationErrors SKIPPED
> Task :app:preBuild UP-TO-DATE
> Task :app:preDebugBuild UP-TO-DATE
> Task :app:checkDebugAarMetadata
> Task :app:generateDebugResValues
> Task :app:mapDebugSourceSetPaths
> Task :app:generateDebugResources
> Task :app:packageDebugResources
> Task :app:mergeDebugResources
> Task :app:createDebugCompatibleScreenManifests
> Task :app:extractDeepLinksDebug
> Task :app:parseDebugLocalResources
> Task :app:processDebugMainManifest
> Task :app:processDebugManifest
> Task :app:preDebugUnitTestBuild UP-TO-DATE
> Task :app:javaPreCompileDebugUnitTest
> Task :app:buildKotlinToolingMetadata
> Task :app:preReleaseBuild UP-TO-DATE
> Task :app:javaPreCompileDebug
> Task :app:generateReleaseResValues
> Task :app:checkReleaseAarMetadata
> Task :app:mapReleaseSourceSetPaths
> Task :app:generateReleaseResources
> Task :app:packageReleaseResources
> Task :app:parseReleaseLocalResources
> Task :app:createReleaseCompatibleScreenManifests
> Task :app:extractDeepLinksRelease
> Task :app:processReleaseMainManifest
> Task :app:processReleaseManifest
> Task :app:processReleaseManifestForPackage
> Task :app:preReleaseUnitTestBuild UP-TO-DATE
> Task :app:preDebugAndroidTestBuild SKIPPED
> Task :app:javaPreCompileReleaseUnitTest
> Task :app:javaPreCompileRelease
> Task :app:generateDebugAndroidTestResValues
> Task :app:extractProguardFiles
> Task :app:mergeDebugNativeDebugMetadata NO-SOURCE
> Task :app:mergeReleaseResources
> Task :app:mergeDebugShaders
> Task :app:compileDebugShaders NO-SOURCE
> Task :app:generateDebugAssets UP-TO-DATE
> Task :app:mergeDebugAssets
> Task :app:processDebugManifestForPackage
> Task :app:compressDebugAssets
> Task :app:desugarDebugFileDependencies
> Task :app:processDebugResources
> Task :app:processReleaseResources
> Task :app:checkDebugDuplicateClasses
> Task :app:mergeDebugStartupProfile

> Task :app:kspDebugKotlin
e: The daemon has terminated unexpectedly on startup attempt #1 with error code: 0. The daemon process output:
    1. Kotlin compile daemon is ready

> Task :app:kspReleaseKotlin
> Task :app:mergeExtDexDebug
> Task :app:mergeLibDexDebug
> Task :app:mergeDebugJniLibFolders
> Task :app:mergeDebugNativeLibs
> Task :app:validateSigningDebug
> Task :app:writeDebugAppMetadata
> Task :app:writeDebugSigningConfigVersions

> Task :app:stripDebugDebugSymbols
Unable to strip the following libraries, packaging them as they are: libdatastore_shared_counter.so, libimage_processing_util_jni.so.

> Task :app:compileDebugKotlin
w: file:///Users/schober/Projects/Nostr%20Reader/android/app/src/main/java/com/reader/app/tts/TtsMediaPlayer.kt:116:16 This declaration overrides a deprecated member but is not marked as deprecated itself. Please add the '@Deprecated' annotation or suppress the diagnostic.
w: file:///Users/schober/Projects/Nostr%20Reader/android/app/src/main/java/com/reader/app/tts/TtsMediaPlayer.kt:118:16 This declaration overrides a deprecated member but is not marked as deprecated itself. Please add the '@Deprecated' annotation or suppress the diagnostic.
w: file:///Users/schober/Projects/Nostr%20Reader/android/app/src/main/java/com/reader/app/tts/TtsMediaPlayer.kt:120:16 This declaration overrides a deprecated member but is not marked as deprecated itself. Please add the '@Deprecated' annotation or suppress the diagnostic.
w: file:///Users/schober/Projects/Nostr%20Reader/android/app/src/main/java/com/reader/app/tts/TtsMediaPlayer.kt:122:16 This declaration overrides a deprecated member but is not marked as deprecated itself. Please add the '@Deprecated' annotation or suppress the diagnostic.
w: file:///Users/schober/Projects/Nostr%20Reader/android/app/src/main/java/com/reader/app/ui/screens/ArticleRenderer.kt:89:7 'fun Divider(modifier: Modifier = ..., thickness: Dp = ..., color: Color = ...): Unit' is deprecated. Renamed to HorizontalDivider.
w: file:///Users/schober/Projects/Nostr%20Reader/android/app/src/main/java/com/reader/app/ui/screens/ArticleRenderer.kt:105:9 'fun Divider(modifier: Modifier = ..., thickness: Dp = ..., color: Color = ...): Unit' is deprecated. Renamed to HorizontalDivider.
w: file:///Users/schober/Projects/Nostr%20Reader/android/app/src/main/java/com/reader/app/ui/screens/ArticleRenderer.kt:108:11 'fun Divider(modifier: Modifier = ..., thickness: Dp = ..., color: Color = ...): Unit' is deprecated. Renamed to HorizontalDivider.
w: file:///Users/schober/Projects/Nostr%20Reader/android/app/src/main/java/com/reader/app/ui/screens/ArticleRenderer.kt:126:32 'fun Divider(modifier: Modifier = ..., thickness: Dp = ..., color: Color = ...): Unit' is deprecated. Renamed to HorizontalDivider.
w: file:///Users/schober/Projects/Nostr%20Reader/android/app/src/main/java/com/reader/app/ui/screens/InboxScreen.kt:121:13 'fun Divider(modifier: Modifier = ..., thickness: Dp = ..., color: Color = ...): Unit' is deprecated. Renamed to HorizontalDivider.
w: file:///Users/schober/Projects/Nostr%20Reader/android/app/src/main/java/com/reader/app/ui/screens/InboxScreen.kt:213:19 'fun Divider(modifier: Modifier = ..., thickness: Dp = ..., color: Color = ...): Unit' is deprecated. Renamed to HorizontalDivider.
w: file:///Users/schober/Projects/Nostr%20Reader/android/app/src/main/java/com/reader/app/ui/screens/InboxScreen.kt:344:7 'fun LinearProgressIndicator(progress: Float, modifier: Modifier = ..., color: Color = ..., trackColor: Color = ..., strokeCap: StrokeCap = ...): Unit' is deprecated. Use the overload that takes `progress` as a lambda.
w: file:///Users/schober/Projects/Nostr%20Reader/android/app/src/main/java/com/reader/app/ui/screens/ReaderScreen.kt:103:32 'val Icons.Filled.ArrowBack: ImageVector' is deprecated. Use the AutoMirrored version at Icons.AutoMirrored.Filled.ArrowBack.
w: file:///Users/schober/Projects/Nostr%20Reader/android/app/src/main/java/com/reader/app/ui/screens/ReaderScreen.kt:160:15 'fun Divider(modifier: Modifier = ..., thickness: Dp = ..., color: Color = ...): Unit' is deprecated. Renamed to HorizontalDivider.
w: file:///Users/schober/Projects/Nostr%20Reader/android/app/src/main/java/com/reader/app/ui/screens/SettingsScreen.kt:37:30 'val Icons.Filled.ArrowBack: ImageVector' is deprecated. Use the AutoMirrored version at Icons.AutoMirrored.Filled.ArrowBack.
w: file:///Users/schober/Projects/Nostr%20Reader/android/app/src/main/java/com/reader/app/ui/screens/SettingsScreen.kt:57:11 'fun Divider(modifier: Modifier = ..., thickness: Dp = ..., color: Color = ...): Unit' is deprecated. Renamed to HorizontalDivider.

> Task :app:compileReleaseKotlin
w: file:///Users/schober/Projects/Nostr%20Reader/android/app/src/main/java/com/reader/app/tts/TtsMediaPlayer.kt:116:16 This declaration overrides a deprecated member but is not marked as deprecated itself. Please add the '@Deprecated' annotation or suppress the diagnostic.
w: file:///Users/schober/Projects/Nostr%20Reader/android/app/src/main/java/com/reader/app/tts/TtsMediaPlayer.kt:118:16 This declaration overrides a deprecated member but is not marked as deprecated itself. Please add the '@Deprecated' annotation or suppress the diagnostic.
w: file:///Users/schober/Projects/Nostr%20Reader/android/app/src/main/java/com/reader/app/tts/TtsMediaPlayer.kt:120:16 This declaration overrides a deprecated member but is not marked as deprecated itself. Please add the '@Deprecated' annotation or suppress the diagnostic.
w: file:///Users/schober/Projects/Nostr%20Reader/android/app/src/main/java/com/reader/app/tts/TtsMediaPlayer.kt:122:16 This declaration overrides a deprecated member but is not marked as deprecated itself. Please add the '@Deprecated' annotation or suppress the diagnostic.
w: file:///Users/schober/Projects/Nostr%20Reader/android/app/src/main/java/com/reader/app/ui/screens/ArticleRenderer.kt:89:7 'fun Divider(modifier: Modifier = ..., thickness: Dp = ..., color: Color = ...): Unit' is deprecated. Renamed to HorizontalDivider.
w: file:///Users/schober/Projects/Nostr%20Reader/android/app/src/main/java/com/reader/app/ui/screens/ArticleRenderer.kt:105:9 'fun Divider(modifier: Modifier = ..., thickness: Dp = ..., color: Color = ...): Unit' is deprecated. Renamed to HorizontalDivider.
w: file:///Users/schober/Projects/Nostr%20Reader/android/app/src/main/java/com/reader/app/ui/screens/ArticleRenderer.kt:108:11 'fun Divider(modifier: Modifier = ..., thickness: Dp = ..., color: Color = ...): Unit' is deprecated. Renamed to HorizontalDivider.
w: file:///Users/schober/Projects/Nostr%20Reader/android/app/src/main/java/com/reader/app/ui/screens/ArticleRenderer.kt:126:32 'fun Divider(modifier: Modifier = ..., thickness: Dp = ..., color: Color = ...): Unit' is deprecated. Renamed to HorizontalDivider.
w: file:///Users/schober/Projects/Nostr%20Reader/android/app/src/main/java/com/reader/app/ui/screens/InboxScreen.kt:121:13 'fun Divider(modifier: Modifier = ..., thickness: Dp = ..., color: Color = ...): Unit' is deprecated. Renamed to HorizontalDivider.
w: file:///Users/schober/Projects/Nostr%20Reader/android/app/src/main/java/com/reader/app/ui/screens/InboxScreen.kt:213:19 'fun Divider(modifier: Modifier = ..., thickness: Dp = ..., color: Color = ...): Unit' is deprecated. Renamed to HorizontalDivider.
w: file:///Users/schober/Projects/Nostr%20Reader/android/app/src/main/java/com/reader/app/ui/screens/InboxScreen.kt:344:7 'fun LinearProgressIndicator(progress: Float, modifier: Modifier = ..., color: Color = ..., trackColor: Color = ..., strokeCap: StrokeCap = ...): Unit' is deprecated. Use the overload that takes `progress` as a lambda.
w: file:///Users/schober/Projects/Nostr%20Reader/android/app/src/main/java/com/reader/app/ui/screens/ReaderScreen.kt:103:32 'val Icons.Filled.ArrowBack: ImageVector' is deprecated. Use the AutoMirrored version at Icons.AutoMirrored.Filled.ArrowBack.
w: file:///Users/schober/Projects/Nostr%20Reader/android/app/src/main/java/com/reader/app/ui/screens/ReaderScreen.kt:160:15 'fun Divider(modifier: Modifier = ..., thickness: Dp = ..., color: Color = ...): Unit' is deprecated. Renamed to HorizontalDivider.
w: file:///Users/schober/Projects/Nostr%20Reader/android/app/src/main/java/com/reader/app/ui/screens/SettingsScreen.kt:37:30 'val Icons.Filled.ArrowBack: ImageVector' is deprecated. Use the AutoMirrored version at Icons.AutoMirrored.Filled.ArrowBack.
w: file:///Users/schober/Projects/Nostr%20Reader/android/app/src/main/java/com/reader/app/ui/screens/SettingsScreen.kt:57:11 'fun Divider(modifier: Modifier = ..., thickness: Dp = ..., color: Color = ...): Unit' is deprecated. Renamed to HorizontalDivider.

> Task :app:compileDebugJavaWithJavac
> Task :app:processDebugJavaRes
> Task :app:bundleDebugClassesToRuntimeJar
> Task :app:bundleDebugClassesToCompileJar
> Task :app:compileReleaseJavaWithJavac
> Task :app:processReleaseJavaRes
> Task :app:bundleReleaseClassesToRuntimeJar
> Task :app:bundleReleaseClassesToCompileJar
> Task :app:kspDebugUnitTestKotlin
> Task :app:generateDebugAndroidTestLintModel
> Task :app:generateDebugLintReportModel
> Task :app:generateDebugUnitTestLintModel
> Task :app:kspReleaseUnitTestKotlin

> Task :app:compileDebugUnitTestKotlin
w: file:///Users/schober/Projects/Nostr%20Reader/android/app/src/test/java/com/reader/app/Nip44Test.kt:15:27 Java type mismatch: inferred type is 'kotlin.String?', but 'kotlin.String' was expected.

> Task :app:compileDebugUnitTestJavaWithJavac NO-SOURCE
> Task :app:processDebugUnitTestJavaRes
> Task :app:testDebugUnitTest
> Task :app:dexBuilderDebug
> Task :app:mergeDebugGlobalSynthetics
> Task :app:mergeProjectDexDebug

> Task :app:compileReleaseUnitTestKotlin
w: file:///Users/schober/Projects/Nostr%20Reader/android/app/src/test/java/com/reader/app/Nip44Test.kt:15:27 Java type mismatch: inferred type is 'kotlin.String?', but 'kotlin.String' was expected.

> Task :app:compileReleaseUnitTestJavaWithJavac NO-SOURCE
> Task :app:processReleaseUnitTestJavaRes
> Task :app:lintAnalyzeDebugAndroidTest
> Task :app:testReleaseUnitTest
> Task :app:test
> Task :app:mergeDebugJavaResource
> Task :app:packageDebug
> Task :app:createDebugApkListingFileRedirect
> Task :app:assembleDebug
> Task :app:lintAnalyzeDebugUnitTest
> Task :app:lintAnalyzeDebug

> Task :app:lintReportDebug
Wrote HTML report to file:///Users/schober/Projects/Nostr%20Reader/android/app/build/reports/lint-results-debug.html

> Task :app:lintDebug
> Task :app:lint

BUILD SUCCESSFUL in 3m 19s
82 actionable tasks: 82 executed
