+zsh:4> sw_vers
ProductName:		macOS
ProductVersion:		26.6.2
BuildVersion:		25G83
+zsh:5> uname -a
Darwin MacBook-Pro-von-Marius.local 25.6.0 Darwin Kernel Version 25.6.0: Fri Jul 31 19:18:49 PDT 2026; root:xnu-12377.161.14~5/RELEASE_ARM64_T6000 arm64
+zsh:6> git --version
git version 2.50.1 (Apple Git-155)
+zsh:7> node --version
v22.16.0
+zsh:8> npm --version
10.9.2
+zsh:9> java -version
openjdk version "17.0.19" 2026-04-21
OpenJDK Runtime Environment Temurin-17.0.19+10 (build 17.0.19+10)
OpenJDK 64-Bit Server VM Temurin-17.0.19+10 (build 17.0.19+10, mixed mode, sharing)
+zsh:10> /Users/schober/.gradle/wrapper/dists/gradle-8.11.1-all/2qik7nd48slq1ooc2496ixf4i/gradle-8.11.1/bin/gradle --version

FAILURE: Build failed with an exception.

* What went wrong:
Gradle could not start your build.
> Could not initialize native services.
   > Failed to load native library 'libnative-platform.dylib' for Mac OS X aarch64.

* Try:
> Run with --stacktrace option to get the stack trace.
> Run with --info or --debug option to get more log output.
> Run with --scan to get full insights.
> Get more help at https://help.gradle.org.
+zsh:11> /Users/schober/.rustup/toolchains/1.97.1-aarch64-apple-darwin/bin/rustc --version
rustc 1.97.1 (8bab26f4f 2026-07-14)
+zsh:12> /Users/schober/.rustup/toolchains/1.97.1-aarch64-apple-darwin/bin/cargo --version
cargo 1.97.1 (c980f4866 2026-06-30)
+zsh:13> swift --version
swift-driver version: 1.148.6 Apple Swift version 6.3.3 (swiftlang-6.3.3.1.3 clang-2100.1.1.101)
Target: arm64-apple-macosx26.0
+zsh:14> xcodebuild -version
Xcode 26.6
Build version 17F113
+zsh:15> defaults read '/Applications/Google Chrome.app/Contents/Info.plist' CFBundleShortVersionString
2026-09-04 19:59:19.892 defaults[56682:762639]
The domain/default pair of (/Applications/Google Chrome.app/Contents/Info.plist, CFBundleShortVersionString) does not exist
+zsh:16> defaults read '/Applications/Brave Browser.app/Contents/Info.plist' CFBundleShortVersionString
2026-09-04 19:59:19.899 defaults[56683:762642]
The domain/default pair of (/Applications/Brave Browser.app/Contents/Info.plist, CFBundleShortVersionString) does not exist
+zsh:17> shasum -a 256 chrome/package-lock.json android/gradle/wrapper/gradle-wrapper.properties android/app/build.gradle.kts android/build.gradle.kts rust-core/Cargo.toml mac/Package.swift artifacts/reader-debug.apk artifacts/reader-chrome-extension.zip
bdd0f320bc9df4d085a85313293d20e6050bb6bceedbbddd307ad743a6584756  chrome/package-lock.json
712d9bc912d4b0d42b0faf8c6afeed13ae31ced75ca28463b1dfc4ced1a4bc9a  android/gradle/wrapper/gradle-wrapper.properties
bfff2bea4dfa40483c76bce756d8164a953a9ceb1160119128a564ea44217e40  android/app/build.gradle.kts
1ae3f13757856b83f7c31400f7728c14347dee9144d0cb11948318f3c33f0af2  android/build.gradle.kts
f36fa4b628ce3727183e9913ff35ea322eb04a36f3b058876946237109057dd9  rust-core/Cargo.toml
e1a0dfe3c02357dc220a22163be8823f157a2c1b2dac6ae68070479322b474c0  mac/Package.swift
e15199022d4d52ec2b40e4538fc89afe2f707670a300bdbf97b72b66b6c44dbb  artifacts/reader-debug.apk
b8a0ca89ec311f566a65fb25446405cd4a1f693828fe98c4043b00d62227fece  artifacts/reader-chrome-extension.zip
